// Jest Snapshot v1, https://goo.gl/fbAQLP

exports[`App Component renders properly 1`] = `
<div>
  <SEO />
  <Switch>
    <Route
      component={[Function]}
      path="/"
    />
    <Route
      component={[Function]}
      exact={true}
      path="/planet/:id"
    />
    <Redirect
      component={[Function]}
      path="**"
      push={false}
      to="/"
    />
  </Switch>
  <Footer />
</div>
`;
