// Jest Snapshot v1, https://goo.gl/fbAQLP

exports[`Body Component renders properly 1`] = `
<styled.section>
  <p
    key="POPULATION"
  >
     
    POPULATION
    : 
    <styled.span>
      1000000000000
       
    </styled.span>
  </p>
  <p
    key="CLIMATE"
  >
     
    CLIMATE
    : 
    <styled.span>
      TEMPERATE
       
    </styled.span>
  </p>
  <p
    key="TERRAIN"
  >
     
    TERRAIN
    : 
    <styled.span>
      CITYSCAPE, MOUNTAINS
       
    </styled.span>
  </p>
</styled.section>
`;
